Archive member included to satisfy reference by file (symbol)

c:/st/stm32cubeide_1.6.1/stm32cubeide/plugins/com.st.stm32cube.ide.mcu.externaltools.gnu-tools-for-stm32.9-2020-q2-update.win32_1.5.0.202011040924/tools/bin/../lib/gcc/arm-none-eabi/9.3.1/../../../../arm-none-eabi/lib/thumb/v7-m/nofp\libc_nano.a(lib_a-exit.o)
                              c:/st/stm32cubeide_1.6.1/stm32cubeide/plugins/com.st.stm32cube.ide.mcu.externaltools.gnu-tools-for-stm32.9-2020-q2-update.win32_1.5.0.202011040924/tools/bin/../lib/gcc/arm-none-eabi/9.3.1/../../../../arm-none-eabi/lib/thumb/v7-m/nofp/crt0.o (exit)
c:/st/stm32cubeide_1.6.1/stm32cubeide/plugins/com.st.stm32cube.ide.mcu.externaltools.gnu-tools-for-stm32.9-2020-q2-update.win32_1.5.0.202011040924/tools/bin/../lib/gcc/arm-none-eabi/9.3.1/../../../../arm-none-eabi/lib/thumb/v7-m/nofp\libc_nano.a(lib_a-impure.o)
                              c:/st/stm32cubeide_1.6.1/stm32cubeide/plugins/com.st.stm32cube.ide.mcu.externaltools.gnu-tools-for-stm32.9-2020-q2-update.win32_1.5.0.202011040924/tools/bin/../lib/gcc/arm-none-eabi/9.3.1/../../../../arm-none-eabi/lib/thumb/v7-m/nofp\libc_nano.a(lib_a-exit.o) (_global_impure_ptr)
c:/st/stm32cubeide_1.6.1/stm32cubeide/plugins/com.st.stm32cube.ide.mcu.externaltools.gnu-tools-for-stm32.9-2020-q2-update.win32_1.5.0.202011040924/tools/bin/../lib/gcc/arm-none-eabi/9.3.1/../../../../arm-none-eabi/lib/thumb/v7-m/nofp\libc_nano.a(lib_a-init.o)
                              c:/st/stm32cubeide_1.6.1/stm32cubeide/plugins/com.st.stm32cube.ide.mcu.externaltools.gnu-tools-for-stm32.9-2020-q2-update.win32_1.5.0.202011040924/tools/bin/../lib/gcc/arm-none-eabi/9.3.1/../../../../arm-none-eabi/lib/thumb/v7-m/nofp/crt0.o (__libc_init_array)
c:/st/stm32cubeide_1.6.1/stm32cubeide/plugins/com.st.stm32cube.ide.mcu.externaltools.gnu-tools-for-stm32.9-2020-q2-update.win32_1.5.0.202011040924/tools/bin/../lib/gcc/arm-none-eabi/9.3.1/../../../../arm-none-eabi/lib/thumb/v7-m/nofp\libnosys.a(_exit.o)
                              c:/st/stm32cubeide_1.6.1/stm32cubeide/plugins/com.st.stm32cube.ide.mcu.externaltools.gnu-tools-for-stm32.9-2020-q2-update.win32_1.5.0.202011040924/tools/bin/../lib/gcc/arm-none-eabi/9.3.1/../../../../arm-none-eabi/lib/thumb/v7-m/nofp\libc_nano.a(lib_a-exit.o) (_exit)

Allocating common symbols
Common symbol       size              file

SaveRState          0x2               fsusb/src/usb_int.o
SaveState           0x2               fsusb/src/usb_init.o
wIstr               0x2               usb/usb_istr.o
pProperty           0x4               fsusb/src/usb_init.o
EPindex             0x1               fsusb/src/usb_init.o
SaveTState          0x2               fsusb/src/usb_int.o
Device_Info         0x1c              fsusb/src/usb_init.o
pUser_Standard_Requests
                    0x4               fsusb/src/usb_init.o
StatusInfo          0x2               fsusb/src/usb_core.o
pInformation        0x4               fsusb/src/usb_init.o
ResumeS             0x2               usb/usb_pwr.o
EP                  0x20              usb/usb_pwr.o
wInterrupt_Mask     0x2               fsusb/src/usb_init.o

Discarded input sections

 .text          0x0000000000000000        0x0 c:/st/stm32cubeide_1.6.1/stm32cubeide/plugins/com.st.stm32cube.ide.mcu.externaltools.gnu-tools-for-stm32.9-2020-q2-update.win32_1.5.0.202011040924/tools/bin/../lib/gcc/arm-none-eabi/9.3.1/thumb/v7-m/nofp/crti.o
 .data          0x0000000000000000        0x0 c:/st/stm32cubeide_1.6.1/stm32cubeide/plugins/com.st.stm32cube.ide.mcu.externaltools.gnu-tools-for-stm32.9-2020-q2-update.win32_1.5.0.202011040924/tools/bin/../lib/gcc/arm-none-eabi/9.3.1/thumb/v7-m/nofp/crti.o
 .bss           0x0000000000000000        0x0 c:/st/stm32cubeide_1.6.1/stm32cubeide/plugins/com.st.stm32cube.ide.mcu.externaltools.gnu-tools-for-stm32.9-2020-q2-update.win32_1.5.0.202011040924/tools/bin/../lib/gcc/arm-none-eabi/9.3.1/thumb/v7-m/nofp/crti.o
 .data          0x0000000000000000        0x4 c:/st/stm32cubeide_1.6.1/stm32cubeide/plugins/com.st.stm32cube.ide.mcu.externaltools.gnu-tools-for-stm32.9-2020-q2-update.win32_1.5.0.202011040924/tools/bin/../lib/gcc/arm-none-eabi/9.3.1/thumb/v7-m/nofp/crtbegin.o
 .text          0x0000000000000000       0x7c c:/st/stm32cubeide_1.6.1/stm32cubeide/plugins/com.st.stm32cube.ide.mcu.externaltools.gnu-tools-for-stm32.9-2020-q2-update.win32_1.5.0.202011040924/tools/bin/../lib/gcc/arm-none-eabi/9.3.1/../../../../arm-none-eabi/lib/thumb/v7-m/nofp/crt0.o
 .data          0x0000000000000000        0x0 c:/st/stm32cubeide_1.6.1/stm32cubeide/plugins/com.st.stm32cube.ide.mcu.externaltools.gnu-tools-for-stm32.9-2020-q2-update.win32_1.5.0.202011040924/tools/bin/../lib/gcc/arm-none-eabi/9.3.1/../../../../arm-none-eabi/lib/thumb/v7-m/nofp/crt0.o
[...]
Memory Configuration

Name             Origin             Length             Attributes
RAM              0x0000000020000000 0x0000000000005000 xrw
FLASH            0x0000000008000000 0x0000000000010000 xr
*default*        0x0000000000000000 0xffffffffffffffff

Linker script and memory map

LOAD c:/st/stm32cubeide_1.6.1/stm32cubeide/plugins/com.st.stm32cube.ide.mcu.externaltools.gnu-tools-for-stm32.9-2020-q2-update.win32_1.5.0.202011040924/tools/bin/../lib/gcc/arm-none-eabi/9.3.1/thumb/v7-m/nofp/crti.o
LOAD c:/st/stm32cubeide_1.6.1/stm32cubeide/plugins/com.st.stm32cube.ide.mcu.externaltools.gnu-tools-for-stm32.9-2020-q2-update.win32_1.5.0.202011040924/tools/bin/../lib/gcc/arm-none-eabi/9.3.1/thumb/v7-m/nofp/crtbegin.o
LOAD c:/st/stm32cubeide_1.6.1/stm32cubeide/plugins/com.st.stm32cube.ide.mcu.externaltools.gnu-tools-for-stm32.9-2020-q2-update.win32_1.5.0.202011040924/tools/bin/../lib/gcc/arm-none-eabi/9.3.1/../../../../arm-none-eabi/lib/thumb/v7-m/nofp/crt0.o
LOAD drv/led.o
LOAD drv/timebase.o
LOAD fsusb/src/usb_core.o
LOAD fsusb/src/usb_init.o
LOAD fsusb/src/usb_int.o
LOAD fsusb/src/usb_mem.o
LOAD fsusb/src/usb_regs.o
LOAD fsusb/src/usb_sil.o
LOAD src/blaster.o
LOAD src/blaster_port.o
LOAD src/ft245rom.o
LOAD src/main.o
LOAD src/memop.o
LOAD src/ringbuf.o
LOAD stdperiph/src/misc.o
LOAD stdperiph/src/stm32f10x_adc.o
LOAD stdperiph/src/stm32f10x_bkp.o
LOAD stdperiph/src/stm32f10x_can.o
LOAD stdperiph/src/stm32f10x_cec.o
LOAD stdperiph/src/stm32f10x_crc.o
LOAD stdperiph/src/stm32f10x_dac.o
LOAD stdperiph/src/stm32f10x_dbgmcu.o
LOAD stdperiph/src/stm32f10x_dma.o
LOAD stdperiph/src/stm32f10x_exti.o
LOAD stdperiph/src/stm32f10x_flash.o
LOAD stdperiph/src/stm32f10x_fsmc.o
LOAD stdperiph/src/stm32f10x_gpio.o
LOAD stdperiph/src/stm32f10x_i2c.o
LOAD stdperiph/src/stm32f10x_iwdg.o
LOAD stdperiph/src/stm32f10x_pwr.o
LOAD stdperiph/src/stm32f10x_rcc.o
LOAD stdperiph/src/stm32f10x_rtc.o
LOAD stdperiph/src/stm32f10x_sdio.o
LOAD stdperiph/src/stm32f10x_spi.o
LOAD stdperiph/src/stm32f10x_tim.o
LOAD stdperiph/src/stm32f10x_usart.o
LOAD stdperiph/src/stm32f10x_wwdg.o
LOAD sys/startup_stm32f10x_md.o
LOAD sys/stm32_it.o
LOAD sys/system_stm32f10x.o
LOAD usb/hw_config.o
LOAD usb/usb_desc.o
LOAD usb/usb_endp.o
LOAD usb/usb_istr.o
LOAD usb/usb_prop.o
LOAD usb/usb_pwr.o
START GROUP
LOAD c:/st/stm32cubeide_1.6.1/stm32cubeide/plugins/com.st.stm32cube.ide.mcu.externaltools.gnu-tools-for-stm32.9-2020-q2-update.win32_1.5.0.202011040924/tools/bin/../lib/gcc/arm-none-eabi/9.3.1/../../../../arm-none-eabi/lib/thumb/v7-m/nofp\libc_nano.a
LOAD c:/st/stm32cubeide_1.6.1/stm32cubeide/plugins/com.st.stm32cube.ide.mcu.externaltools.gnu-tools-for-stm32.9-2020-q2-update.win32_1.5.0.202011040924/tools/bin/../lib/gcc/arm-none-eabi/9.3.1/../../../../arm-none-eabi/lib/thumb/v7-m/nofp\libm.a
END GROUP
START GROUP
LOAD c:/st/stm32cubeide_1.6.1/stm32cubeide/plugins/com.st.stm32cube.ide.mcu.externaltools.gnu-tools-for-stm32.9-2020-q2-update.win32_1.5.0.202011040924/tools/bin/../lib/gcc/arm-none-eabi/9.3.1/thumb/v7-m/nofp\libgcc.a
LOAD c:/st/stm32cubeide_1.6.1/stm32cubeide/plugins/com.st.stm32cube.ide.mcu.externaltools.gnu-tools-for-stm32.9-2020-q2-update.win32_1.5.0.202011040924/tools/bin/../lib/gcc/arm-none-eabi/9.3.1/../../../../arm-none-eabi/lib/thumb/v7-m/nofp\libc_nano.a
END GROUP
START GROUP
LOAD c:/st/stm32cubeide_1.6.1/stm32cubeide/plugins/com.st.stm32cube.ide.mcu.externaltools.gnu-tools-for-stm32.9-2020-q2-update.win32_1.5.0.202011040924/tools/bin/../lib/gcc/arm-none-eabi/9.3.1/thumb/v7-m/nofp\libgcc.a
LOAD c:/st/stm32cubeide_1.6.1/stm32cubeide/plugins/com.st.stm32cube.ide.mcu.externaltools.gnu-tools-for-stm32.9-2020-q2-update.win32_1.5.0.202011040924/tools/bin/../lib/gcc/arm-none-eabi/9.3.1/../../../../arm-none-eabi/lib/thumb/v7-m/nofp\libc_nano.a
LOAD c:/st/stm32cubeide_1.6.1/stm32cubeide/plugins/com.st.stm32cube.ide.mcu.externaltools.gnu-tools-for-stm32.9-2020-q2-update.win32_1.5.0.202011040924/tools/bin/../lib/gcc/arm-none-eabi/9.3.1/../../../../arm-none-eabi/lib/thumb/v7-m/nofp\libnosys.a
END GROUP
START GROUP
LOAD c:/st/stm32cubeide_1.6.1/stm32cubeide/plugins/com.st.stm32cube.ide.mcu.externaltools.gnu-tools-for-stm32.9-2020-q2-update.win32_1.5.0.202011040924/tools/bin/../lib/gcc/arm-none-eabi/9.3.1/thumb/v7-m/nofp\libgcc.a
LOAD c:/st/stm32cubeide_1.6.1/stm32cubeide/plugins/com.st.stm32cube.ide.mcu.externaltools.gnu-tools-for-stm32.9-2020-q2-update.win32_1.5.0.202011040924/tools/bin/../lib/gcc/arm-none-eabi/9.3.1/../../../../arm-none-eabi/lib/thumb/v7-m/nofp\libc_nano.a
LOAD c:/st/stm32cubeide_1.6.1/stm32cubeide/plugins/com.st.stm32cube.ide.mcu.externaltools.gnu-tools-for-stm32.9-2020-q2-update.win32_1.5.0.202011040924/tools/bin/../lib/gcc/arm-none-eabi/9.3.1/../../../../arm-none-eabi/lib/thumb/v7-m/nofp\libnosys.a
END GROUP
LOAD c:/st/stm32cubeide_1.6.1/stm32cubeide/plugins/com.st.stm32cube.ide.mcu.externaltools.gnu-tools-for-stm32.9-2020-q2-update.win32_1.5.0.202011040924/tools/bin/../lib/gcc/arm-none-eabi/9.3.1/thumb/v7-m/nofp/crtend.o
LOAD c:/st/stm32cubeide_1.6.1/stm32cubeide/plugins/com.st.stm32cube.ide.mcu.externaltools.gnu-tools-for-stm32.9-2020-q2-update.win32_1.5.0.202011040924/tools/bin/../lib/gcc/arm-none-eabi/9.3.1/thumb/v7-m/nofp/crtn.o
                0x0000000020005000                _estack = (ORIGIN (RAM) + LENGTH (RAM))
                0x0000000000000200                _Min_Heap_Size = 0x200
                0x0000000000000400                _Min_Stack_Size = 0x400

.isr_vector     0x0000000008000000      0x10c
                0x0000000008000000                . = ALIGN (0x4)
 *(.isr_vector)
 .isr_vector    0x0000000008000000      0x10c sys/startup_stm32f10x_md.o
                0x0000000008000000                g_pfnVectors
                0x000000000800010c                . = ALIGN (0x4)

.text           0x000000000800010c     0x388c
                0x000000000800010c                . = ALIGN (0x4)
 *(.text)
 .text          0x000000000800010c       0x40 c:/st/stm32cubeide_1.6.1/stm32cubeide/plugins/com.st.stm32cube.ide.mcu.externaltools.gnu-tools-for-stm32.9-2020-q2-update.win32_1.5.0.202011040924/tools/bin/../lib/gcc/arm-none-eabi/9.3.1/thumb/v7-m/nofp/crtbegin.o
 *(.text*)
 .text.led_gpio_config
                0x000000000800014c       0x34 drv/led.o
 .text.led_init
                0x0000000008000180       0x30 drv/led.o
                0x0000000008000180                led_init
 .text.led_flash
                0x00000000080001b0       0x68 drv/led.o
                0x00000000080001b0                led_flash
 .text.led_update
                0x0000000008000218       0xb8 drv/led.o
                0x0000000008000218                led_update
 .text.NVIC_SetPriority
                0x00000000080002d0       0x54 drv/timebase.o
 .text.SysTick_Config
                0x0000000008000324       0x44 drv/timebase.o
 .text.SysTick_Handler
                0x0000000008000368       0x1c drv/timebase.o
                0x0000000008000368                SysTick_Handler
 .text.timebase_init
                0x0000000008000384       0x50 drv/timebase.o
                0x0000000008000384                timebase_init
 .text.millis   0x00000000080003d4       0x14 drv/timebase.o
                0x00000000080003d4                millis
 .text.Standard_GetConfiguration
                0x00000000080003e8       0x3c fsusb/src/usb_core.o
                0x00000000080003e8                Standard_GetConfiguration
 .text.Standard_SetConfiguration
                0x0000000008000424       0x50 fsusb/src/usb_core.o
                0x0000000008000424                Standard_SetConfiguration
 .text.Standard_GetInterface
                0x0000000008000474       0x3c fsusb/src/usb_core.o
                0x0000000008000474                Standard_GetInterface
 .text.Standard_SetInterface
                0x00000000080004b0       0x88 fsusb/src/usb_core.o
                0x00000000080004b0                Standard_SetInterface
 .text.Standard_GetStatus
                0x0000000008000538      0x138 fsusb/src/usb_core.o
                0x0000000008000538                Standard_GetStatus
 .text.Standard_ClearFeature
                0x0000000008000670      0x1d8 fsusb/src/usb_core.o
                0x0000000008000670                Standard_ClearFeature
 .text.Standard_SetEndPointFeature
                0x0000000008000848      0x114 fsusb/src/usb_core.o
                0x0000000008000848                Standard_SetEndPointFeature
 .text.Standard_SetDeviceFeature
                0x000000000800095c       0x2c fsusb/src/usb_core.o
                0x000000000800095c                Standard_SetDeviceFeature
 .text.Standard_GetDescriptorData
                0x0000000008000988       0x48 fsusb/src/usb_core.o
                0x0000000008000988                Standard_GetDescriptorData
 .text.DataStageOut
                0x00000000080009d0      0x104 fsusb/src/usb_core.o
 .text.DataStageIn
                0x0000000008000ad4      0x10c fsusb/src/usb_core.o
 .text.NoData_Setup0
                0x0000000008000be0      0x194 fsusb/src/usb_core.o
 .text.Data_Setup0
                0x0000000008000d74      0x32c fsusb/src/usb_core.o
 .text.Setup0_Process
                0x00000000080010a0       0xd8 fsusb/src/usb_core.o
                0x00000000080010a0                Setup0_Process
 .text.In0_Process
                0x0000000008001178       0x90 fsusb/src/usb_core.o
                0x0000000008001178                In0_Process
 .text.Out0_Process
                0x0000000008001208       0x74 fsusb/src/usb_core.o
                0x0000000008001208                Out0_Process
 .text.Post0_Process
                0x000000000800127c       0x50 fsusb/src/usb_core.o
                0x000000000800127c                Post0_Process
 .text.SetDeviceAddress
                0x00000000080012cc       0x7c fsusb/src/usb_core.o
                0x00000000080012cc                SetDeviceAddress
 .text.NOP_Process
                0x0000000008001348        0xc fsusb/src/usb_core.o
                0x0000000008001348                NOP_Process
 .text.USB_Init
                0x0000000008001354       0x44 fsusb/src/usb_init.o
                0x0000000008001354                USB_Init
 .text.CTR_LP   0x0000000008001398      0x300 fsusb/src/usb_int.o
                0x0000000008001398                CTR_LP
 .text.CTR_HP   0x0000000008001698       0xf0 fsusb/src/usb_int.o
                0x0000000008001698                CTR_HP
 .text.UserToPMABufferCopy
                0x0000000008001788       0x76 fsusb/src/usb_mem.o
                0x0000000008001788                UserToPMABufferCopy
 .text.PMAToUserBufferCopy
                0x00000000080017fe       0x5c fsusb/src/usb_mem.o
                0x00000000080017fe                PMAToUserBufferCopy
 *fill*         0x000000000800185a        0x2 
 .text.SetBTABLE
                0x000000000800185c       0x24 fsusb/src/usb_regs.o
                0x000000000800185c                SetBTABLE
 .text.GetENDPOINT
                0x0000000008001880       0x24 fsusb/src/usb_regs.o
                0x0000000008001880                GetENDPOINT
 .text.SetEPType
                0x00000000080018a4       0x4c fsusb/src/usb_regs.o
                0x00000000080018a4                SetEPType
 .text.SetEPTxStatus
                0x00000000080018f0       0x70 fsusb/src/usb_regs.o
                0x00000000080018f0                SetEPTxStatus
 .text.SetEPRxStatus
                0x0000000008001960       0x70 fsusb/src/usb_regs.o
                0x0000000008001960                SetEPRxStatus
 .text.SetEPTxValid
                0x00000000080019d0       0x54 fsusb/src/usb_regs.o
                0x00000000080019d0                SetEPTxValid
 .text.SetEPRxValid
                0x0000000008001a24       0x54 fsusb/src/usb_regs.o
                0x0000000008001a24                SetEPRxValid
 .text.Clear_Status_Out
                0x0000000008001a78       0x48 fsusb/src/usb_regs.o
                0x0000000008001a78                Clear_Status_Out
 .text.SetEPDoubleBuff
                0x0000000008001ac0       0x50 fsusb/src/usb_regs.o
                0x0000000008001ac0                SetEPDoubleBuff
 .text.ToggleDTOG_TX
                0x0000000008001b10       0x42 fsusb/src/usb_regs.o
                0x0000000008001b10                ToggleDTOG_TX
 .text.ClearDTOG_RX
                0x0000000008001b52       0x5a fsusb/src/usb_regs.o
                0x0000000008001b52                ClearDTOG_RX
 .text.ClearDTOG_TX
                0x0000000008001bac       0x5a fsusb/src/usb_regs.o
                0x0000000008001bac                ClearDTOG_TX
 *fill*         0x0000000008001c06        0x2 
 .text.SetEPTxAddr
                0x0000000008001c08       0x40 fsusb/src/usb_regs.o
                0x0000000008001c08                SetEPTxAddr
 .text.SetEPRxAddr
                0x0000000008001c48       0x44 fsusb/src/usb_regs.o
                0x0000000008001c48                SetEPRxAddr
 .text.GetEPTxAddr
                0x0000000008001c8c       0x34 fsusb/src/usb_regs.o
                0x0000000008001c8c                GetEPTxAddr
 .text.GetEPRxAddr
                0x0000000008001cc0       0x34 fsusb/src/usb_regs.o
                0x0000000008001cc0                GetEPRxAddr
 .text.SetEPTxCount
                0x0000000008001cf4       0x3c fsusb/src/usb_regs.o
                0x0000000008001cf4                SetEPTxCount
 .text.SetEPRxCount
                0x0000000008001d30       0x84 fsusb/src/usb_regs.o
                0x0000000008001d30                SetEPRxCount
 .text.SetEPDblBuffAddr
                0x0000000008001db4       0x68 fsusb/src/usb_regs.o
                0x0000000008001db4                SetEPDblBuffAddr
 .text.SetEPDblBuffCount
                0x0000000008001e1c      0x13c fsusb/src/usb_regs.o
                0x0000000008001e1c                SetEPDblBuffCount
 .text.GetEPDblBuf0Count
                0x0000000008001f58       0x3c fsusb/src/usb_regs.o
                0x0000000008001f58                GetEPDblBuf0Count
 .text.GetEPDblBuf1Count
                0x0000000008001f94       0x3c fsusb/src/usb_regs.o
                0x0000000008001f94                GetEPDblBuf1Count
 .text.FreeUserBuffer
                0x0000000008001fd0       0x84 fsusb/src/usb_regs.o
                0x0000000008001fd0                FreeUserBuffer
 .text.ByteSwap
                0x0000000008002054       0x2e fsusb/src/usb_regs.o
                0x0000000008002054                ByteSwap
 *fill*         0x0000000008002082        0x2 
 .text.USB_SIL_Init
                0x0000000008002084       0x30 fsusb/src/usb_sil.o
                0x0000000008002084                USB_SIL_Init
 .text.USB_SIL_Write
                0x00000000080020b4       0x4a fsusb/src/usb_sil.o
                0x00000000080020b4                USB_SIL_Write
 *fill*         0x00000000080020fe        0x2 
 .text.blaster_usbrecv
                0x0000000008002100       0x98 src/blaster.o
 .text.blaster_usbsend
                0x0000000008002198       0x9c src/blaster.o
 .text.blaster_ioproc
                0x0000000008002234       0xfc src/blaster.o
 .text.blaster_init
                0x0000000008002330       0x88 src/blaster.o
                0x0000000008002330                blaster_init
 .text.blaster_exec
                0x00000000080023b8       0x14 src/blaster.o
                0x00000000080023b8                blaster_exec
 .text.bport_init
                0x00000000080023cc       0x44 src/blaster_port.o
                0x00000000080023cc                bport_init
 .text.bport_state_set
                0x0000000008002410       0x74 src/blaster_port.o
                0x0000000008002410                bport_state_set
 .text.bport_state_get
                0x0000000008002484       0x28 src/blaster_port.o
                0x0000000008002484                bport_state_get
 .text.bport_shift_out
                0x00000000080024ac       0xdc src/blaster_port.o
                0x00000000080024ac                bport_shift_out
 .text.bport_shift_io
                0x0000000008002588      0x148 src/blaster_port.o
                0x0000000008002588                bport_shift_io
 .text.ft245rom_checksum
                0x00000000080026d0       0x6c src/ft245rom.o
                0x00000000080026d0                ft245rom_checksum
 .text.ft245rom_init
                0x000000000800273c      0x23c src/ft245rom.o
                0x000000000800273c                ft245rom_init
 .text.ft245rom_read
                0x0000000008002978       0x34 src/ft245rom.o
                0x0000000008002978                ft245rom_read
 .text.main     0x00000000080029ac       0x50 src/main.o
                0x00000000080029ac                main
 .text.memcpy   0x00000000080029fc       0x44 src/memop.o
                0x00000000080029fc                memcpy
 .text.memset   0x0000000008002a40       0x3e src/memop.o
                0x0000000008002a40                memset
 .text.ringbuf_init
                0x0000000008002a7e       0x4e src/ringbuf.o
                0x0000000008002a7e                ringbuf_init
 .text.ringbuf_use_len
                0x0000000008002acc       0x1c src/ringbuf.o
                0x0000000008002acc                ringbuf_use_len
 .text.ringbuf_is_full
                0x0000000008002ae8       0x2a src/ringbuf.o
                0x0000000008002ae8                ringbuf_is_full
 .text.ringbuf_get
                0x0000000008002b12       0xa2 src/ringbuf.o
                0x0000000008002b12                ringbuf_get
 .text.ringbuf_putc
                0x0000000008002bb4       0x46 src/ringbuf.o
                0x0000000008002bb4                ringbuf_putc
 *fill*         0x0000000008002bfa        0x2 
 .text.NVIC_PriorityGroupConfig
                0x0000000008002bfc       0x24 stdperiph/src/misc.o
                0x0000000008002bfc                NVIC_PriorityGroupConfig
 .text.NVIC_Init
                0x0000000008002c20       0xc4 stdperiph/src/misc.o
                0x0000000008002c20                NVIC_Init
 .text.EXTI_Init
                0x0000000008002ce4       0xe4 stdperiph/src/stm32f10x_exti.o
                0x0000000008002ce4                EXTI_Init
 .text.EXTI_ClearITPendingBit
                0x0000000008002dc8       0x1c stdperiph/src/stm32f10x_exti.o
                0x0000000008002dc8                EXTI_ClearITPendingBit
 .text.GPIO_Init
                0x0000000008002de4      0x178 stdperiph/src/stm32f10x_gpio.o
                0x0000000008002de4                GPIO_Init
 .text.GPIO_SetBits
                0x0000000008002f5c       0x1c stdperiph/src/stm32f10x_gpio.o
                0x0000000008002f5c                GPIO_SetBits
 .text.GPIO_ResetBits
                0x0000000008002f78       0x1c stdperiph/src/stm32f10x_gpio.o
                0x0000000008002f78                GPIO_ResetBits
 .text.GPIO_PinRemapConfig
                0x0000000008002f94       0xe0 stdperiph/src/stm32f10x_gpio.o
                0x0000000008002f94                GPIO_PinRemapConfig
 .text.RCC_USBCLKConfig
                0x0000000008003074       0x1c stdperiph/src/stm32f10x_rcc.o
                0x0000000008003074                RCC_USBCLKConfig
 .text.RCC_APB2PeriphClockCmd
                0x0000000008003090       0x3c stdperiph/src/stm32f10x_rcc.o
                0x0000000008003090                RCC_APB2PeriphClockCmd
 .text.RCC_APB1PeriphClockCmd
                0x00000000080030cc       0x3c stdperiph/src/stm32f10x_rcc.o
                0x00000000080030cc                RCC_APB1PeriphClockCmd
 .text.Reset_Handler
                0x0000000008003108       0x44 sys/startup_stm32f10x_md.o
                0x0000000008003108                Reset_Handler
 .text.Default_Handler
                0x000000000800314c        0x2 sys/startup_stm32f10x_md.o
                0x000000000800314c                EXTI2_IRQHandler
                0x000000000800314c                TIM1_CC_IRQHandler
                0x000000000800314c                PVD_IRQHandler
                0x000000000800314c                EXTI3_IRQHandler
                0x000000000800314c                EXTI0_IRQHandler
                0x000000000800314c                I2C2_EV_IRQHandler
                0x000000000800314c                ADC1_2_IRQHandler
                0x000000000800314c                SPI1_IRQHandler
                0x000000000800314c                TAMPER_IRQHandler
                0x000000000800314c                DMA1_Channel4_IRQHandler
                0x000000000800314c                USART3_IRQHandler
                0x000000000800314c                RTC_IRQHandler
                0x000000000800314c                DMA1_Channel7_IRQHandler
                0x000000000800314c                CAN1_RX1_IRQHandler
                0x000000000800314c                TIM4_IRQHandler
                0x000000000800314c                I2C1_EV_IRQHandler
                0x000000000800314c                DMA1_Channel6_IRQHandler
                0x000000000800314c                TIM3_IRQHandler
                0x000000000800314c                RCC_IRQHandler
                0x000000000800314c                TIM1_TRG_COM_IRQHandler
                0x000000000800314c                DMA1_Channel1_IRQHandler
                0x000000000800314c                Default_Handler
                0x000000000800314c                EXTI15_10_IRQHandler
                0x000000000800314c                EXTI9_5_IRQHandler
                0x000000000800314c                SPI2_IRQHandler
                0x000000000800314c                DMA1_Channel5_IRQHandler
                0x000000000800314c                EXTI4_IRQHandler
                0x000000000800314c                DMA1_Channel3_IRQHandler
                0x000000000800314c                TIM1_UP_IRQHandler
                0x000000000800314c                WWDG_IRQHandler
                0x000000000800314c                TIM2_IRQHandler
                0x000000000800314c                TIM1_BRK_IRQHandler
                0x000000000800314c                EXTI1_IRQHandler
                0x000000000800314c                RTCAlarm_IRQHandler
                0x000000000800314c                USART2_IRQHandler
                0x000000000800314c                I2C2_ER_IRQHandler
                0x000000000800314c                DMA1_Channel2_IRQHandler
                0x000000000800314c                CAN1_SCE_IRQHandler
                0x000000000800314c                FLASH_IRQHandler
                0x000000000800314c                USART1_IRQHandler
                0x000000000800314c                I2C1_ER_IRQHandler
 .text.NMI_Handler
                0x000000000800314e        0xc sys/stm32_it.o
                0x000000000800314e                NMI_Handler
 .text.HardFault_Handler
                0x000000000800315a        0x6 sys/stm32_it.o
                0x000000000800315a                HardFault_Handler
 .text.MemManage_Handler
                0x0000000008003160        0x6 sys/stm32_it.o
                0x0000000008003160                MemManage_Handler
 .text.BusFault_Handler
                0x0000000008003166        0x6 sys/stm32_it.o
                0x0000000008003166                BusFault_Handler
 .text.UsageFault_Handler
                0x000000000800316c        0x6 sys/stm32_it.o
                0x000000000800316c                UsageFault_Handler
 .text.SVC_Handler
                0x0000000008003172        0xc sys/stm32_it.o
                0x0000000008003172                SVC_Handler
 .text.DebugMon_Handler
                0x000000000800317e        0xc sys/stm32_it.o
                0x000000000800317e                DebugMon_Handler
 .text.PendSV_Handler
                0x000000000800318a        0xc sys/stm32_it.o
                0x000000000800318a                PendSV_Handler
 .text.USB_HP_CAN1_TX_IRQHandler
                0x0000000008003196        0xc sys/stm32_it.o
                0x0000000008003196                USB_HP_CAN1_TX_IRQHandler
 .text.USB_LP_CAN1_RX0_IRQHandler
                0x00000000080031a2        0xc sys/stm32_it.o
                0x00000000080031a2                USB_LP_CAN1_RX0_IRQHandler
 .text.USBWakeUp_IRQHandler
                0x00000000080031ae       0x10 sys/stm32_it.o
                0x00000000080031ae                USBWakeUp_IRQHandler
 *fill*         0x00000000080031be        0x2 
 .text.SystemInit
                0x00000000080031c0       0x68 sys/system_stm32f10x.o
                0x00000000080031c0                SystemInit
 .text.SetSysClock
                0x0000000008003228        0xc sys/system_stm32f10x.o
 .text.SetSysClockTo72
                0x0000000008003234      0x100 sys/system_stm32f10x.o
 .text.USB_HW_Config
                0x0000000008003334       0x18 usb/hw_config.o
                0x0000000008003334                USB_HW_Config
 .text.USB_Clock_Config
                0x000000000800334c       0x18 usb/hw_config.o
                0x000000000800334c                USB_Clock_Config
 .text.USB_Interrupts_Config
                0x0000000008003364       0x3e usb/hw_config.o
                0x0000000008003364                USB_Interrupts_Config
 *fill*         0x00000000080033a2        0x2 
 .text.USB_Cable_Ctrl
                0x00000000080033a4       0x34 usb/hw_config.o
                0x00000000080033a4                USB_Cable_Ctrl
 .text.USB_GPIO_Config
                0x00000000080033d8       0x34 usb/hw_config.o
                0x00000000080033d8                USB_GPIO_Config
 .text.USB_EXTI_Config
                0x000000000800340c       0x2c usb/hw_config.o
                0x000000000800340c                USB_EXTI_Config
 .text.Get_SerialNum
                0x0000000008003438       0x50 usb/hw_config.o
                0x0000000008003438                Get_SerialNum
 .text.IntToUnicode
                0x0000000008003488       0x7c usb/hw_config.o
 .text.EP2_OUT_Callback
                0x0000000008003504       0x18 usb/usb_endp.o
                0x0000000008003504                EP2_OUT_Callback
 .text.EP1_IN_Callback
                0x000000000800351c       0x18 usb/usb_endp.o
                0x000000000800351c                EP1_IN_Callback
 .text.USB_Istr
                0x0000000008003534       0x64 usb/usb_istr.o
                0x0000000008003534                USB_Istr
 .text.Blaster_Init
                0x0000000008003598       0x30 usb/usb_prop.o
                0x0000000008003598                Blaster_Init
 .text.Blaster_Reset
                0x00000000080035c8      0x10c usb/usb_prop.o
                0x00000000080035c8                Blaster_Reset
 .text.Blaster_SetConfiguration
                0x00000000080036d4       0x24 usb/usb_prop.o
                0x00000000080036d4                Blaster_SetConfiguration
 .text.Blaster_SetDeviceAddress
                0x00000000080036f8       0x18 usb/usb_prop.o
                0x00000000080036f8                Blaster_SetDeviceAddress
 .text.Blaster_Status_In
                0x0000000008003710        0xc usb/usb_prop.o
                0x0000000008003710                Blaster_Status_In
 .text.Blaster_Status_Out
                0x000000000800371c        0xc usb/usb_prop.o
                0x000000000800371c                Blaster_Status_Out
 .text.Blaster_Data_Setup
                0x0000000008003728       0xd0 usb/usb_prop.o
                0x0000000008003728                Blaster_Data_Setup
 .text.Blaster_NoData_Setup
                0x00000000080037f8       0x50 usb/usb_prop.o
                0x00000000080037f8                Blaster_NoData_Setup
 .text.Blaster_GetDeviceDescriptor
                0x0000000008003848       0x24 usb/usb_prop.o
                0x0000000008003848                Blaster_GetDeviceDescriptor
 .text.Blaster_GetConfigDescriptor
                0x000000000800386c       0x24 usb/usb_prop.o
                0x000000000800386c                Blaster_GetConfigDescriptor
 .text.Blaster_GetStringDescriptor
                0x0000000008003890       0x40 usb/usb_prop.o
                0x0000000008003890                Blaster_GetStringDescriptor
 .text.Blaster_Get_Interface_Setting
                0x00000000080038d0       0x30 usb/usb_prop.o
                0x00000000080038d0                Blaster_Get_Interface_Setting
 .text.Blaster_Get_VendorData
                0x0000000008003900       0x30 usb/usb_prop.o
                0x0000000008003900                Blaster_Get_VendorData
 .text.PowerOn  0x0000000008003930       0x50 usb/usb_pwr.o
                0x0000000008003930                PowerOn
 *(.glue_7)
 .glue_7        0x0000000008003980        0x0 linker stubs
 *(.glue_7t)
 .glue_7t       0x0000000008003980        0x0 linker stubs
 *(.eh_frame)
 .eh_frame      0x0000000008003980        0x0 c:/st/stm32cubeide_1.6.1/stm32cubeide/plugins/com.st.stm32cube.ide.mcu.externaltools.gnu-tools-for-stm32.9-2020-q2-update.win32_1.5.0.202011040924/tools/bin/../lib/gcc/arm-none-eabi/9.3.1/thumb/v7-m/nofp/crtbegin.o
 *(.init)
 .init          0x0000000008003980        0x4 c:/st/stm32cubeide_1.6.1/stm32cubeide/plugins/com.st.stm32cube.ide.mcu.externaltools.gnu-tools-for-stm32.9-2020-q2-update.win32_1.5.0.202011040924/tools/bin/../lib/gcc/arm-none-eabi/9.3.1/thumb/v7-m/nofp/crti.o
                0x0000000008003980                _init
 .init          0x0000000008003984        0x8 c:/st/stm32cubeide_1.6.1/stm32cubeide/plugins/com.st.stm32cube.ide.mcu.externaltools.gnu-tools-for-stm32.9-2020-q2-update.win32_1.5.0.202011040924/tools/bin/../lib/gcc/arm-none-eabi/9.3.1/thumb/v7-m/nofp/crtn.o
 *(.fini)
 .fini          0x000000000800398c        0x4 c:/st/stm32cubeide_1.6.1/stm32cubeide/plugins/com.st.stm32cube.ide.mcu.externaltools.gnu-tools-for-stm32.9-2020-q2-update.win32_1.5.0.202011040924/tools/bin/../lib/gcc/arm-none-eabi/9.3.1/thumb/v7-m/nofp/crti.o
                0x000000000800398c                _fini
 .fini          0x0000000008003990        0x8 c:/st/stm32cubeide_1.6.1/stm32cubeide/plugins/com.st.stm32cube.ide.mcu.externaltools.gnu-tools-for-stm32.9-2020-q2-update.win32_1.5.0.202011040924/tools/bin/../lib/gcc/arm-none-eabi/9.3.1/thumb/v7-m/nofp/crtn.o
                0x0000000008003998                . = ALIGN (0x4)
                0x0000000008003998                _etext = .

.vfp11_veneer   0x0000000008003998        0x0
 .vfp11_veneer  0x0000000008003998        0x0 linker stubs

.v4_bx          0x0000000008003998        0x0
 .v4_bx         0x0000000008003998        0x0 linker stubs

.iplt           0x0000000008003998        0x0
 .iplt          0x0000000008003998        0x0 c:/st/stm32cubeide_1.6.1/stm32cubeide/plugins/com.st.stm32cube.ide.mcu.externaltools.gnu-tools-for-stm32.9-2020-q2-update.win32_1.5.0.202011040924/tools/bin/../lib/gcc/arm-none-eabi/9.3.1/thumb/v7-m/nofp/crtbegin.o

.rodata         0x0000000008003998       0x60
                0x0000000008003998                . = ALIGN (0x4)
 *(.rodata)
 *(.rodata*)
 .rodata.Blaster_DeviceDescriptor
                0x0000000008003998       0x12 usb/usb_desc.o
                0x0000000008003998                Blaster_DeviceDescriptor
 *fill*         0x00000000080039aa        0x2 
 .rodata.Blaster_ConfigDescriptor
                0x00000000080039ac       0x20 usb/usb_desc.o
                0x00000000080039ac                Blaster_ConfigDescriptor
 .rodata.Blaster_StringLangID
                0x00000000080039cc        0x4 usb/usb_desc.o
                0x00000000080039cc                Blaster_StringLangID
 .rodata.Blaster_StringVendor
                0x00000000080039d0        0xe usb/usb_desc.o
                0x00000000080039d0                Blaster_StringVendor
 *fill*         0x00000000080039de        0x2 
 .rodata.Blaster_StringProduct
                0x00000000080039e0       0x18 usb/usb_desc.o
                0x00000000080039e0                Blaster_StringProduct
                0x00000000080039f8                . = ALIGN (0x4)

.rel.dyn        0x00000000080039f8        0x0
 .rel.iplt      0x00000000080039f8        0x0 c:/st/stm32cubeide_1.6.1/stm32cubeide/plugins/com.st.stm32cube.ide.mcu.externaltools.gnu-tools-for-stm32.9-2020-q2-update.win32_1.5.0.202011040924/tools/bin/../lib/gcc/arm-none-eabi/9.3.1/thumb/v7-m/nofp/crtbegin.o

.ARM.extab      0x00000000080039f8        0x0
                0x00000000080039f8                . = ALIGN (0x4)
 *(.ARM.extab* .gnu.linkonce.armextab.*)
                0x00000000080039f8                . = ALIGN (0x4)

.ARM            0x00000000080039f8        0x0
                0x00000000080039f8                . = ALIGN (0x4)
                0x00000000080039f8                __exidx_start = .
 *(.ARM.exidx*)
                0x00000000080039f8                __exidx_end = .
                0x00000000080039f8                . = ALIGN (0x4)

.preinit_array  0x00000000080039f8        0x0
                0x00000000080039f8                . = ALIGN (0x4)
                0x00000000080039f8                PROVIDE (__preinit_array_start = .)
 *(.preinit_array*)
                0x00000000080039f8                PROVIDE (__preinit_array_end = .)
                0x00000000080039f8                . = ALIGN (0x4)

.init_array     0x00000000080039f8        0x4
                0x00000000080039f8                . = ALIGN (0x4)
                0x00000000080039f8                PROVIDE (__init_array_start = .)
 *(SORT_BY_NAME(.init_array.*))
 *(.init_array*)
 .init_array    0x00000000080039f8        0x4 c:/st/stm32cubeide_1.6.1/stm32cubeide/plugins/com.st.stm32cube.ide.mcu.externaltools.gnu-tools-for-stm32.9-2020-q2-update.win32_1.5.0.202011040924/tools/bin/../lib/gcc/arm-none-eabi/9.3.1/thumb/v7-m/nofp/crtbegin.o
                0x00000000080039fc                PROVIDE (__init_array_end = .)
                0x00000000080039fc                . = ALIGN (0x4)

.fini_array     0x00000000080039fc        0x4
                0x00000000080039fc                . = ALIGN (0x4)
                [!provide]                        PROVIDE (__fini_array_start = .)
 *(SORT_BY_NAME(.fini_array.*))
 *(.fini_array*)
 .fini_array    0x00000000080039fc        0x4 c:/st/stm32cubeide_1.6.1/stm32cubeide/plugins/com.st.stm32cube.ide.mcu.externaltools.gnu-tools-for-stm32.9-2020-q2-update.win32_1.5.0.202011040924/tools/bin/../lib/gcc/arm-none-eabi/9.3.1/thumb/v7-m/nofp/crtbegin.o
                [!provide]                        PROVIDE (__fini_array_end = .)
                0x0000000008003a00                . = ALIGN (0x4)
                0x0000000008003a00                _sidata = LOADADDR (.data)

.data           0x0000000020000000       0xdc load address 0x0000000008003a00
                0x0000000020000000                . = ALIGN (0x4)
                0x0000000020000000                _sdata = .
 *(.data)
 *(.data*)
 .data.g_blaster_tx_ready
                0x0000000020000000        0x1 src/blaster.o
                0x0000000020000000                g_blaster_tx_ready
 *fill*         0x0000000020000001        0x3 
 .data.SystemCoreClock
                0x0000000020000004        0x4 sys/system_stm32f10x.o
                0x0000000020000004                SystemCoreClock
 .data.Blaster_StringSerial
                0x0000000020000008       0x12 usb/usb_desc.o
                0x0000000020000008                Blaster_StringSerial
 *fill*         0x000000002000001a        0x2 
 .data.pEpInt_IN
                0x000000002000001c       0x1c usb/usb_istr.o
                0x000000002000001c                pEpInt_IN
 .data.pEpInt_OUT
                0x0000000020000038       0x1c usb/usb_istr.o
                0x0000000020000038                pEpInt_OUT
 .data.Device_Table
                0x0000000020000054        0x2 usb/usb_prop.o
                0x0000000020000054                Device_Table
 *fill*         0x0000000020000056        0x2 
 .data.Device_Property
                0x0000000020000058       0x30 usb/usb_prop.o
                0x0000000020000058                Device_Property
 .data.User_Standard_Requests
                0x0000000020000088       0x24 usb/usb_prop.o
                0x0000000020000088                User_Standard_Requests
 .data.Device_Descriptor
                0x00000000200000ac        0x8 usb/usb_prop.o
                0x00000000200000ac                Device_Descriptor
 .data.Config_Descriptor
                0x00000000200000b4        0x8 usb/usb_prop.o
                0x00000000200000b4                Config_Descriptor
 .data.String_Descriptor
                0x00000000200000bc       0x20 usb/usb_prop.o
                0x00000000200000bc                String_Descriptor
 *(.RamFunc)
 *(.RamFunc*)
                0x00000000200000dc                . = ALIGN (0x4)
                0x00000000200000dc                _edata = .

.igot.plt       0x00000000200000dc        0x0 load address 0x0000000008003adc
 .igot.plt      0x00000000200000dc        0x0 c:/st/stm32cubeide_1.6.1/stm32cubeide/plugins/com.st.stm32cube.ide.mcu.externaltools.gnu-tools-for-stm32.9-2020-q2-update.win32_1.5.0.202011040924/tools/bin/../lib/gcc/arm-none-eabi/9.3.1/thumb/v7-m/nofp/crtbegin.o
                0x00000000200000dc                . = ALIGN (0x4)

.bss            0x00000000200000dc      0x1e8 load address 0x0000000008003adc
                0x00000000200000dc                _sbss = .
                0x00000000200000dc                __bss_start__ = _sbss
 *(.bss)
 .bss           0x00000000200000dc       0x1c c:/st/stm32cubeide_1.6.1/stm32cubeide/plugins/com.st.stm32cube.ide.mcu.externaltools.gnu-tools-for-stm32.9-2020-q2-update.win32_1.5.0.202011040924/tools/bin/../lib/gcc/arm-none-eabi/9.3.1/thumb/v7-m/nofp/crtbegin.o
 *(.bss*)
 .bss.s_led_mode
                0x00000000200000f8        0x1 drv/led.o
 *fill*         0x00000000200000f9        0x3 
 .bss.s_led_last_time
                0x00000000200000fc        0x4 drv/led.o
 .bss.s_led_timer
                0x0000000020000100        0x2 drv/led.o
 .bss.s_led_period
                0x0000000020000102        0x2 drv/led.o
 .bss.s_led_pulse
                0x0000000020000104        0x2 drv/led.o
 .bss.s_led_cycle_cnt
                0x0000000020000106        0x2 drv/led.o
 .bss.s_us_ticks
                0x0000000020000108        0x4 drv/timebase.o
 .bss.s_ms_ticks
                0x000000002000010c        0x4 drv/timebase.o
 .bss.s_system_up_ms
                0x0000000020000110        0x4 drv/timebase.o
 .bss.Data_Mul_MaxPacketSize
                0x0000000020000114        0x1 fsusb/src/usb_core.o
                0x0000000020000114                Data_Mul_MaxPacketSize
 .bss.g_blaster_rx_req
                0x0000000020000115        0x1 src/blaster.o
                0x0000000020000115                g_blaster_rx_req
 *fill*         0x0000000020000116        0x2 
 .bss.s_recv_buffer
                0x0000000020000118       0x40 src/blaster.o
 .bss.s_recv_buff_len
                0x0000000020000158        0x4 src/blaster.o
 .bss.s_recv_buff_idx
                0x000000002000015c        0x4 src/blaster.o
 .bss.s_send_buffer
                0x0000000020000160       0x40 src/blaster.o
 .bss.s_send_packet_buff
                0x00000000200001a0       0x40 src/blaster.o
 .bss.s_send_ring_buff
                0x00000000200001e0       0x10 src/blaster.o
 .bss.s_blaster_shift_cnt
                0x00000000200001f0        0x4 src/blaster.o
 .bss.s_blaster_shift_en
                0x00000000200001f4        0x1 src/blaster.o
 .bss.s_blaster_read_en
                0x00000000200001f5        0x1 src/blaster.o
 *fill*         0x00000000200001f6        0x2 
 .bss.s_blaster_sendtime
                0x00000000200001f8        0x4 src/blaster.o
 .bss.s_blaster_senddummy
                0x00000000200001fc        0x1 src/blaster.o
 *fill*         0x00000000200001fd        0x3 
 .bss.s_ft245rom_buf
                0x0000000020000200       0x80 src/ft245rom.o
 .bss.s_Report_Buf
                0x0000000020000280        0x2 usb/usb_prop.o
 *fill*         0x0000000020000282        0x2 
 .bss.bDeviceState
                0x0000000020000284        0x4 usb/usb_pwr.o
                0x0000000020000284                bDeviceState
 *(COMMON)
 COMMON         0x0000000020000288        0x2 fsusb/src/usb_core.o
                0x0000000020000288                StatusInfo
 *fill*         0x000000002000028a        0x2 
 COMMON         0x000000002000028c       0x32 fsusb/src/usb_init.o
                0x000000002000028c                SaveState
                0x0000000020000290                pProperty
                0x0000000020000294                EPindex
                0x0000000020000298                Device_Info
                0x00000000200002b4                pUser_Standard_Requests
                0x00000000200002b8                pInformation
                0x00000000200002bc                wInterrupt_Mask
 COMMON         0x00000000200002be        0x4 fsusb/src/usb_int.o
                0x00000000200002be                SaveRState
                0x00000000200002c0                SaveTState
 COMMON         0x00000000200002c2        0x2 usb/usb_istr.o
                0x00000000200002c2                wIstr
                0x00000000200002c4                . = ALIGN (0x4)
                0x00000000200002c4                _ebss = .
                0x00000000200002c4                __bss_end__ = _ebss

._user_heap_stack
                0x00000000200002c4      0x604 load address 0x0000000008003adc
                0x00000000200002c8                . = ALIGN (0x8)
 *fill*         0x00000000200002c4        0x4 
                [!provide]                        PROVIDE (end = .)
                [!provide]                        PROVIDE (_end = .)
                0x00000000200004c8                . = (. + _Min_Heap_Size)
 *fill*         0x00000000200002c8      0x200 
                0x00000000200008c8                . = (. + _Min_Stack_Size)
 *fill*         0x00000000200004c8      0x400 
                0x00000000200008c8                . = ALIGN (0x8)

/DISCARD/
 libc.a(*)
 libm.a(*)
 libgcc.a(*)

.ARM.attributes
                0x0000000000000000       0x29
 *(.ARM.attributes)
 .ARM.attributes
                0x0000000000000000       0x1d c:/st/stm32cubeide_1.6.1/stm32cubeide/plugins/com.st.stm32cube.ide.mcu.externaltools.gnu-tools-for-stm32.9-2020-q2-update.win32_1.5.0.202011040924/tools/bin/../lib/gcc/arm-none-eabi/9.3.1/thumb/v7-m/nofp/crti.o
 .ARM.attributes
                0x000000000000001d       0x2d c:/st/stm32cubeide_1.6.1/stm32cubeide/plugins/com.st.stm32cube.ide.mcu.externaltools.gnu-tools-for-stm32.9-2020-q2-update.win32_1.5.0.202011040924/tools/bin/../lib/gcc/arm-none-eabi/9.3.1/thumb/v7-m/nofp/crtbegin.o
 .ARM.attributes
                0x000000000000004a       0x2d drv/led.o
 .ARM.attributes
                0x0000000000000077       0x2d drv/timebase.o
 .ARM.attributes
                0x00000000000000a4       0x2d fsusb/src/usb_core.o
 .ARM.attributes
                0x00000000000000d1       0x2d fsusb/src/usb_init.o
 .ARM.attributes
                0x00000000000000fe       0x2d fsusb/src/usb_int.o
 .ARM.attributes
                0x000000000000012b       0x2d fsusb/src/usb_mem.o
 .ARM.attributes
                0x0000000000000158       0x2d fsusb/src/usb_regs.o
 .ARM.attributes
                0x0000000000000185       0x2d fsusb/src/usb_sil.o
 .ARM.attributes
                0x00000000000001b2       0x2d src/blaster.o
 .ARM.attributes
                0x00000000000001df       0x2d src/blaster_port.o
 .ARM.attributes
                0x000000000000020c       0x2d src/ft245rom.o
 .ARM.attributes
                0x0000000000000239       0x2d src/main.o
 .ARM.attributes
                0x0000000000000266       0x2d src/memop.o
 .ARM.attributes
                0x0000000000000293       0x2d src/ringbuf.o
 .ARM.attributes
                0x00000000000002c0       0x2d stdperiph/src/misc.o
 .ARM.attributes
                0x00000000000002ed       0x2d stdperiph/src/stm32f10x_exti.o
 .ARM.attributes
                0x000000000000031a       0x2d stdperiph/src/stm32f10x_gpio.o
 .ARM.attributes
                0x0000000000000347       0x2d stdperiph/src/stm32f10x_rcc.o
 .ARM.attributes
                0x0000000000000374       0x21 sys/startup_stm32f10x_md.o
 .ARM.attributes
                0x0000000000000395       0x2d sys/stm32_it.o
 .ARM.attributes
                0x00000000000003c2       0x2d sys/system_stm32f10x.o
 .ARM.attributes
                0x00000000000003ef       0x2d usb/hw_config.o
 .ARM.attributes
                0x000000000000041c       0x33 usb/usb_desc.o
 .ARM.attributes
                0x000000000000044f       0x2d usb/usb_endp.o
 .ARM.attributes
                0x000000000000047c       0x2d usb/usb_istr.o
 .ARM.attributes
                0x00000000000004a9       0x2d usb/usb_prop.o
 .ARM.attributes
                0x00000000000004d6       0x2d usb/usb_pwr.o
 .ARM.attributes
                0x0000000000000503       0x1d c:/st/stm32cubeide_1.6.1/stm32cubeide/plugins/com.st.stm32cube.ide.mcu.externaltools.gnu-tools-for-stm32.9-2020-q2-update.win32_1.5.0.202011040924/tools/bin/../lib/gcc/arm-none-eabi/9.3.1/thumb/v7-m/nofp/crtn.o
OUTPUT(blasterBluePill.elf elf32-littlearm)
LOAD linker stubs
LOAD c:/st/stm32cubeide_1.6.1/stm32cubeide/plugins/com.st.stm32cube.ide.mcu.externaltools.gnu-tools-for-stm32.9-2020-q2-update.win32_1.5.0.202011040924/tools/bin/../lib/gcc/arm-none-eabi/9.3.1/../../../../arm-none-eabi/lib/thumb/v7-m/nofp\libc.a
LOAD c:/st/stm32cubeide_1.6.1/stm32cubeide/plugins/com.st.stm32cube.ide.mcu.externaltools.gnu-tools-for-stm32.9-2020-q2-update.win32_1.5.0.202011040924/tools/bin/../lib/gcc/arm-none-eabi/9.3.1/../../../../arm-none-eabi/lib/thumb/v7-m/nofp\libm.a
LOAD c:/st/stm32cubeide_1.6.1/stm32cubeide/plugins/com.st.stm32cube.ide.mcu.externaltools.gnu-tools-for-stm32.9-2020-q2-update.win32_1.5.0.202011040924/tools/bin/../lib/gcc/arm-none-eabi/9.3.1/thumb/v7-m/nofp\libgcc.a

.debug_info     0x0000000000000000     0xb9b0
 .debug_info    0x0000000000000000      0x394 drv/led.o
 .debug_info    0x0000000000000394      0x6e6 drv/timebase.o
 .debug_info    0x0000000000000a7a      0xc7b fsusb/src/usb_core.o
 .debug_info    0x00000000000016f5      0x564 fsusb/src/usb_init.o
 .debug_info    0x0000000000001c59      0x5e8 fsusb/src/usb_int.o
 .debug_info    0x0000000000002241      0x5f4 fsusb/src/usb_mem.o
 .debug_info    0x0000000000002835     0x1139 fsusb/src/usb_regs.o
 .debug_info    0x000000000000396e      0x596 fsusb/src/usb_sil.o
 .debug_info    0x0000000000003f04      0x711 src/blaster.o
 .debug_info    0x0000000000004615      0x31d src/blaster_port.o
 .debug_info    0x0000000000004932      0x2c9 src/ft245rom.o
 .debug_info    0x0000000000004bfb      0xe0a src/main.o
 .debug_info    0x0000000000005a05      0x14b src/memop.o
 .debug_info    0x0000000000005b50      0xb7f src/ringbuf.o
 .debug_info    0x00000000000066cf      0x596 stdperiph/src/misc.o
 .debug_info    0x0000000000006c65      0x391 stdperiph/src/stm32f10x_exti.o
 .debug_info    0x0000000000006ff6      0x768 stdperiph/src/stm32f10x_gpio.o
 .debug_info    0x000000000000775e      0x92d stdperiph/src/stm32f10x_rcc.o
 .debug_info    0x000000000000808b       0x22 sys/startup_stm32f10x_md.o
 .debug_info    0x00000000000080ad      0x5c7 sys/stm32_it.o
 .debug_info    0x0000000000008674      0x4e4 sys/system_stm32f10x.o
 .debug_info    0x0000000000008b58      0xb0e usb/hw_config.o
 .debug_info    0x0000000000009666      0x602 usb/usb_desc.o
 .debug_info    0x0000000000009c68      0x544 usb/usb_endp.o
 .debug_info    0x000000000000a1ac      0x5b4 usb/usb_istr.o
 .debug_info    0x000000000000a760      0x8f7 usb/usb_prop.o
 .debug_info    0x000000000000b057      0x959 usb/usb_pwr.o

.debug_abbrev   0x0000000000000000     0x2cb2
 .debug_abbrev  0x0000000000000000      0x195 drv/led.o
 .debug_abbrev  0x0000000000000195      0x225 drv/timebase.o
 .debug_abbrev  0x00000000000003ba      0x2ee fsusb/src/usb_core.o
 .debug_abbrev  0x00000000000006a8      0x13b fsusb/src/usb_init.o
 .debug_abbrev  0x00000000000007e3      0x18e fsusb/src/usb_int.o
 .debug_abbrev  0x0000000000000971      0x161 fsusb/src/usb_mem.o
 .debug_abbrev  0x0000000000000ad2      0x248 fsusb/src/usb_regs.o
 .debug_abbrev  0x0000000000000d1a      0x16e fsusb/src/usb_sil.o
 .debug_abbrev  0x0000000000000e88      0x1b4 src/blaster.o
 .debug_abbrev  0x000000000000103c      0x17f src/blaster_port.o
 .debug_abbrev  0x00000000000011bb      0x10b src/ft245rom.o
 .debug_abbrev  0x00000000000012c6      0x1ee src/main.o
 .debug_abbrev  0x00000000000014b4       0xa9 src/memop.o
 .debug_abbrev  0x000000000000155d      0x220 src/ringbuf.o
 .debug_abbrev  0x000000000000177d      0x199 stdperiph/src/misc.o
 .debug_abbrev  0x0000000000001916      0x191 stdperiph/src/stm32f10x_exti.o
 .debug_abbrev  0x0000000000001aa7      0x212 stdperiph/src/stm32f10x_gpio.o
 .debug_abbrev  0x0000000000001cb9      0x1fc stdperiph/src/stm32f10x_rcc.o
 .debug_abbrev  0x0000000000001eb5       0x12 sys/startup_stm32f10x_md.o
 .debug_abbrev  0x0000000000001ec7      0x146 sys/stm32_it.o
 .debug_abbrev  0x000000000000200d      0x193 sys/system_stm32f10x.o
 .debug_abbrev  0x00000000000021a0      0x257 usb/hw_config.o
 .debug_abbrev  0x00000000000023f7      0x136 usb/usb_desc.o
 .debug_abbrev  0x000000000000252d      0x12c usb/usb_endp.o
 .debug_abbrev  0x0000000000002659      0x171 usb/usb_istr.o
 .debug_abbrev  0x00000000000027ca      0x21f usb/usb_prop.o
 .debug_abbrev  0x00000000000029e9      0x2c9 usb/usb_pwr.o

.debug_aranges  0x0000000000000000      0x9d0
 .debug_aranges
                0x0000000000000000       0x40 drv/led.o
 .debug_aranges
                0x0000000000000040       0x60 drv/timebase.o
 .debug_aranges
                0x00000000000000a0       0xb0 fsusb/src/usb_core.o
 .debug_aranges
                0x0000000000000150       0x20 fsusb/src/usb_init.o
 .debug_aranges
                0x0000000000000170       0x28 fsusb/src/usb_int.o
 .debug_aranges
                0x0000000000000198       0x28 fsusb/src/usb_mem.o
 .debug_aranges
                0x00000000000001c0      0x1f0 fsusb/src/usb_regs.o
 .debug_aranges
                0x00000000000003b0       0x30 fsusb/src/usb_sil.o
 .debug_aranges
                0x00000000000003e0       0x40 src/blaster.o
 .debug_aranges
                0x0000000000000420       0x40 src/blaster_port.o
 .debug_aranges
                0x0000000000000460       0x30 src/ft245rom.o
 .debug_aranges
                0x0000000000000490       0x20 src/main.o
 .debug_aranges
                0x00000000000004b0       0x28 src/memop.o
 .debug_aranges
                0x00000000000004d8       0x48 src/ringbuf.o
 .debug_aranges
                0x0000000000000520       0x40 stdperiph/src/misc.o
 .debug_aranges
                0x0000000000000560       0x58 stdperiph/src/stm32f10x_exti.o
 .debug_aranges
                0x00000000000005b8       0xa8 stdperiph/src/stm32f10x_gpio.o
 .debug_aranges
                0x0000000000000660      0x118 stdperiph/src/stm32f10x_rcc.o
 .debug_aranges
                0x0000000000000778       0x28 sys/startup_stm32f10x_md.o
 .debug_aranges
                0x00000000000007a0       0x70 sys/stm32_it.o
 .debug_aranges
                0x0000000000000810       0x38 sys/system_stm32f10x.o
 .debug_aranges
                0x0000000000000848       0x68 usb/hw_config.o
 .debug_aranges
                0x00000000000008b0       0x18 usb/usb_desc.o
 .debug_aranges
                0x00000000000008c8       0x28 usb/usb_endp.o
 .debug_aranges
                0x00000000000008f0       0x20 usb/usb_istr.o
 .debug_aranges
                0x0000000000000910       0x80 usb/usb_prop.o
 .debug_aranges
                0x0000000000000990       0x40 usb/usb_pwr.o

.debug_ranges   0x0000000000000000      0x8f8
 .debug_ranges  0x0000000000000000       0x30 drv/led.o
 .debug_ranges  0x0000000000000030       0x50 drv/timebase.o
 .debug_ranges  0x0000000000000080       0xa0 fsusb/src/usb_core.o
 .debug_ranges  0x0000000000000120       0x10 fsusb/src/usb_init.o
 .debug_ranges  0x0000000000000130       0x18 fsusb/src/usb_int.o
 .debug_ranges  0x0000000000000148       0x18 fsusb/src/usb_mem.o
 .debug_ranges  0x0000000000000160      0x2b8 fsusb/src/usb_regs.o
 .debug_ranges  0x0000000000000418       0x20 fsusb/src/usb_sil.o
 .debug_ranges  0x0000000000000438       0x30 src/blaster.o
 .debug_ranges  0x0000000000000468       0x30 src/blaster_port.o
 .debug_ranges  0x0000000000000498       0x20 src/ft245rom.o
 .debug_ranges  0x00000000000004b8       0x10 src/main.o
 .debug_ranges  0x00000000000004c8       0x18 src/memop.o
 .debug_ranges  0x00000000000004e0       0x38 src/ringbuf.o
 .debug_ranges  0x0000000000000518       0x30 stdperiph/src/misc.o
 .debug_ranges  0x0000000000000548       0x48 stdperiph/src/stm32f10x_exti.o
 .debug_ranges  0x0000000000000590       0x98 stdperiph/src/stm32f10x_gpio.o
 .debug_ranges  0x0000000000000628      0x108 stdperiph/src/stm32f10x_rcc.o
 .debug_ranges  0x0000000000000730       0x20 sys/startup_stm32f10x_md.o
 .debug_ranges  0x0000000000000750       0x60 sys/stm32_it.o
 .debug_ranges  0x00000000000007b0       0x28 sys/system_stm32f10x.o
 .debug_ranges  0x00000000000007d8       0x58 usb/hw_config.o
 .debug_ranges  0x0000000000000830       0x18 usb/usb_endp.o
 .debug_ranges  0x0000000000000848       0x10 usb/usb_istr.o
 .debug_ranges  0x0000000000000858       0x70 usb/usb_prop.o
 .debug_ranges  0x00000000000008c8       0x30 usb/usb_pwr.o

.debug_macro    0x0000000000000000    0x109dc
 .debug_macro   0x0000000000000000       0xf8 drv/led.o
 .debug_macro   0x00000000000000f8      0xa9c drv/led.o
 .debug_macro   0x0000000000000b94       0x63 drv/led.o
 .debug_macro   0x0000000000000bf7       0x3a drv/led.o
 .debug_macro   0x0000000000000c31       0x22 drv/led.o
 .debug_macro   0x0000000000000c53       0x8e drv/led.o
 .debug_macro   0x0000000000000ce1       0x51 drv/led.o
 .debug_macro   0x0000000000000d32      0x103 drv/led.o
 .debug_macro   0x0000000000000e35       0x6a drv/led.o
 .debug_macro   0x0000000000000e9f      0x1df drv/led.o
 .debug_macro   0x000000000000107e       0x18 drv/led.o
 .debug_macro   0x0000000000001096      0xa8b drv/led.o
 .debug_macro   0x0000000000001b21     0x7ee4 drv/led.o
 .debug_macro   0x0000000000009a05      0x3e2 drv/led.o
 .debug_macro   0x0000000000009de7      0x2ad drv/led.o
 .debug_macro   0x000000000000a094      0x174 drv/led.o
 .debug_macro   0x000000000000a208       0x34 drv/led.o
 .debug_macro   0x000000000000a23c       0xe2 drv/timebase.o
 .debug_macro   0x000000000000a31e      0x170 fsusb/src/usb_core.o
 .debug_macro   0x000000000000a48e       0x94 fsusb/src/usb_core.o
 .debug_macro   0x000000000000a522      0x454 fsusb/src/usb_core.o
 .debug_macro   0x000000000000a976       0x28 fsusb/src/usb_core.o
 .debug_macro   0x000000000000a99e       0x5e fsusb/src/usb_core.o
 .debug_macro   0x000000000000a9fc      0x134 fsusb/src/usb_init.o
 .debug_macro   0x000000000000ab30      0x134 fsusb/src/usb_int.o
 .debug_macro   0x000000000000ac64      0x134 fsusb/src/usb_mem.o
 .debug_macro   0x000000000000ad98      0x134 fsusb/src/usb_regs.o
 .debug_macro   0x000000000000aecc      0x134 fsusb/src/usb_sil.o
 .debug_macro   0x000000000000b000      0x19c src/blaster.o
 .debug_macro   0x000000000000b19c       0xa0 src/blaster.o
 .debug_macro   0x000000000000b23c       0x58 src/blaster.o
 .debug_macro   0x000000000000b294      0x136 src/blaster_port.o
 .debug_macro   0x000000000000b3ca       0xdc src/blaster_port.o
 .debug_macro   0x000000000000b4a6       0xea src/ft245rom.o
 .debug_macro   0x000000000000b590       0x4c src/ft245rom.o
 .debug_macro   0x000000000000b5dc       0x16 src/ft245rom.o
 .debug_macro   0x000000000000b5f2      0x2dc src/main.o
 .debug_macro   0x000000000000b8ce       0x4c src/main.o
 .debug_macro   0x000000000000b91a       0x18 src/main.o
 .debug_macro   0x000000000000b932       0x94 src/main.o
 .debug_macro   0x000000000000b9c6       0x3c src/main.o
 .debug_macro   0x000000000000ba02       0x34 src/main.o
 .debug_macro   0x000000000000ba36       0x16 src/main.o
 .debug_macro   0x000000000000ba4c       0x57 src/main.o
 .debug_macro   0x000000000000baa3       0x97 src/main.o
 .debug_macro   0x000000000000bb3a      0x339 src/main.o
 .debug_macro   0x000000000000be73       0xfd src/main.o
 .debug_macro   0x000000000000bf70       0x10 src/main.o
 .debug_macro   0x000000000000bf80       0x16 src/main.o
 .debug_macro   0x000000000000bf96       0x43 src/main.o
 .debug_macro   0x000000000000bfd9       0x34 src/main.o
 .debug_macro   0x000000000000c00d       0x10 src/main.o
 .debug_macro   0x000000000000c01d       0x58 src/main.o
 .debug_macro   0x000000000000c075       0x71 src/main.o
 .debug_macro   0x000000000000c0e6       0x1c src/main.o
 .debug_macro   0x000000000000c102      0x12a src/main.o
 .debug_macro   0x000000000000c22c       0x10 src/main.o
 .debug_macro   0x000000000000c23c       0x1c src/main.o
 .debug_macro   0x000000000000c258       0x52 src/main.o
 .debug_macro   0x000000000000c2aa       0x22 src/main.o
 .debug_macro   0x000000000000c2cc       0x10 src/main.o
 .debug_macro   0x000000000000c2dc       0x40 src/main.o
 .debug_macro   0x000000000000c31c       0xd5 src/main.o
 .debug_macro   0x000000000000c3f1       0x1c src/main.o
 .debug_macro   0x000000000000c40d       0x3d src/main.o
 .debug_macro   0x000000000000c44a       0x16 src/main.o
 .debug_macro   0x000000000000c460      0x145 src/main.o
 .debug_macro   0x000000000000c5a5       0x1a src/memop.o
 .debug_macro   0x000000000000c5bf      0x1b6 src/ringbuf.o
 .debug_macro   0x000000000000c775       0x52 src/ringbuf.o
 .debug_macro   0x000000000000c7c7       0x10 src/ringbuf.o
 .debug_macro   0x000000000000c7d7       0x35 src/ringbuf.o
 .debug_macro   0x000000000000c80c       0x20 src/ringbuf.o
 .debug_macro   0x000000000000c82c      0x181 stdperiph/src/misc.o
 .debug_macro   0x000000000000c9ad       0x86 stdperiph/src/misc.o
 .debug_macro   0x000000000000ca33      0x2ea stdperiph/src/misc.o
 .debug_macro   0x000000000000cd1d      0x14a stdperiph/src/misc.o
 .debug_macro   0x000000000000ce67      0x3cf stdperiph/src/misc.o
 .debug_macro   0x000000000000d236      0x17b stdperiph/src/misc.o
 .debug_macro   0x000000000000d3b1       0xac stdperiph/src/misc.o
 .debug_macro   0x000000000000d45d      0x3b0 stdperiph/src/misc.o
 .debug_macro   0x000000000000d80d       0x9d stdperiph/src/misc.o
 .debug_macro   0x000000000000d8aa      0x2d5 stdperiph/src/misc.o
 .debug_macro   0x000000000000db7f      0x279 stdperiph/src/misc.o
 .debug_macro   0x000000000000ddf8      0x2b4 stdperiph/src/misc.o
 .debug_macro   0x000000000000e0ac       0x64 stdperiph/src/misc.o
 .debug_macro   0x000000000000e110       0x82 stdperiph/src/misc.o
 .debug_macro   0x000000000000e192       0x58 stdperiph/src/misc.o
 .debug_macro   0x000000000000e1ea      0x344 stdperiph/src/misc.o
 .debug_macro   0x000000000000e52e      0x2c4 stdperiph/src/misc.o
 .debug_macro   0x000000000000e7f2      0x711 stdperiph/src/misc.o
 .debug_macro   0x000000000000ef03      0x229 stdperiph/src/misc.o
 .debug_macro   0x000000000000f12c       0x34 stdperiph/src/misc.o
 .debug_macro   0x000000000000f160      0x181 stdperiph/src/stm32f10x_exti.o
 .debug_macro   0x000000000000f2e1       0x97 stdperiph/src/stm32f10x_exti.o
 .debug_macro   0x000000000000f378       0x8c stdperiph/src/stm32f10x_exti.o
 .debug_macro   0x000000000000f404      0x1c9 stdperiph/src/stm32f10x_gpio.o
 .debug_macro   0x000000000000f5cd      0x2a7 stdperiph/src/stm32f10x_gpio.o
 .debug_macro   0x000000000000f874      0x29b stdperiph/src/stm32f10x_rcc.o
 .debug_macro   0x000000000000fb0f      0x3dc stdperiph/src/stm32f10x_rcc.o
 .debug_macro   0x000000000000feeb      0x169 sys/stm32_it.o
 .debug_macro   0x0000000000010054       0x8e sys/stm32_it.o
 .debug_macro   0x00000000000100e2       0xab sys/system_stm32f10x.o
 .debug_macro   0x000000000001018d      0x173 usb/hw_config.o
 .debug_macro   0x0000000000010300      0x13d usb/usb_desc.o
 .debug_macro   0x000000000001043d      0x15c usb/usb_endp.o
 .debug_macro   0x0000000000010599      0x159 usb/usb_istr.o
 .debug_macro   0x00000000000106f2      0x187 usb/usb_prop.o
 .debug_macro   0x0000000000010879       0x10 usb/usb_prop.o
 .debug_macro   0x0000000000010889      0x153 usb/usb_pwr.o

.debug_line     0x0000000000000000     0xc8af
 .debug_line    0x0000000000000000      0x5ca drv/led.o
 .debug_line    0x00000000000005ca      0x663 drv/timebase.o
 .debug_line    0x0000000000000c2d      0xee5 fsusb/src/usb_core.o
 .debug_line    0x0000000000001b12      0x61d fsusb/src/usb_init.o
 .debug_line    0x000000000000212f      0x774 fsusb/src/usb_int.o
 .debug_line    0x00000000000028a3      0x6ca fsusb/src/usb_mem.o
 .debug_line    0x0000000000002f6d      0xd83 fsusb/src/usb_regs.o
 .debug_line    0x0000000000003cf0      0x652 fsusb/src/usb_sil.o
 .debug_line    0x0000000000004342      0x7b1 src/blaster.o
 .debug_line    0x0000000000004af3      0x5dd src/blaster_port.o
 .debug_line    0x00000000000050d0      0x7ac src/ft245rom.o
 .debug_line    0x000000000000587c      0x848 src/main.o
 .debug_line    0x00000000000060c4      0x182 src/memop.o
 .debug_line    0x0000000000006246      0x7c2 src/ringbuf.o
 .debug_line    0x0000000000006a08      0x778 stdperiph/src/misc.o
 .debug_line    0x0000000000007180      0x817 stdperiph/src/stm32f10x_exti.o
 .debug_line    0x0000000000007997      0xa60 stdperiph/src/stm32f10x_gpio.o
 .debug_line    0x00000000000083f7      0xbfc stdperiph/src/stm32f10x_rcc.o
 .debug_line    0x0000000000008ff3       0x79 sys/startup_stm32f10x_md.o
 .debug_line    0x000000000000906c      0x721 sys/stm32_it.o
 .debug_line    0x000000000000978d      0x5c9 sys/system_stm32f10x.o
 .debug_line    0x0000000000009d56      0x7e2 usb/hw_config.o
 .debug_line    0x000000000000a538      0x5fb usb/usb_desc.o
 .debug_line    0x000000000000ab33      0x65c usb/usb_endp.o
 .debug_line    0x000000000000b18f      0x662 usb/usb_istr.o
 .debug_line    0x000000000000b7f1      0x8aa usb/usb_prop.o
 .debug_line    0x000000000000c09b      0x814 usb/usb_pwr.o

.debug_str      0x0000000000000000    0x590a0
 .debug_str     0x0000000000000000    0x37d2b drv/led.o
                                      0x37f2d (size before relaxing)
 .debug_str     0x0000000000037d2b      0x442 drv/timebase.o
                                      0x38103 (size before relaxing)
 .debug_str     0x000000000003816d     0x2c7b fsusb/src/usb_core.o
                                      0x3a6ee (size before relaxing)
 .debug_str     0x000000000003ade8       0x21 fsusb/src/usb_init.o
                                      0x3a048 (size before relaxing)
 .debug_str     0x000000000003ae09       0x41 fsusb/src/usb_int.o
                                      0x3a071 (size before relaxing)
 .debug_str     0x000000000003ae4a       0x6f fsusb/src/usb_mem.o
                                      0x3a096 (size before relaxing)
 .debug_str     0x000000000003aeb9      0x3db fsusb/src/usb_regs.o
                                      0x3a41e (size before relaxing)
 .debug_str     0x000000000003b294       0x6d fsusb/src/usb_sil.o
                                      0x3a094 (size before relaxing)
 .debug_str     0x000000000003b301      0x6ba src/blaster.o
                                      0x3aaee (size before relaxing)
 .debug_str     0x000000000003b9bb      0x786 src/blaster_port.o
                                      0x386ea (size before relaxing)
 .debug_str     0x000000000003c141      0x281 src/ft245rom.o
                                      0x37f49 (size before relaxing)
 .debug_str     0x000000000003c3c2     0x40f6 src/main.o
                                      0x3eb54 (size before relaxing)
 .debug_str     0x00000000000404b8       0x22 src/memop.o
                                       0x30b9 (size before relaxing)
 .debug_str     0x00000000000404da      0x11d src/ringbuf.o
                                      0x3afb3 (size before relaxing)
 .debug_str     0x00000000000405f7    0x172ca stdperiph/src/misc.o
                                      0x4ec70 (size before relaxing)
 .debug_str     0x00000000000578c1      0x1de stdperiph/src/stm32f10x_exti.o
                                      0x4ebf3 (size before relaxing)
 .debug_str     0x0000000000057a9f      0x487 stdperiph/src/stm32f10x_gpio.o
                                      0x4efe2 (size before relaxing)
 .debug_str     0x0000000000057f26      0xb4a stdperiph/src/stm32f10x_rcc.o
                                      0x4f5c8 (size before relaxing)
 .debug_str     0x0000000000058a70       0x2c sys/startup_stm32f10x_md.o
                                         0x61 (size before relaxing)
 .debug_str     0x0000000000058a9c       0xf8 sys/stm32_it.o
                                      0x3a72f (size before relaxing)
 .debug_str     0x0000000000058b94       0xad sys/system_stm32f10x.o
                                      0x33ecb (size before relaxing)
 .debug_str     0x0000000000058c41      0x153 usb/hw_config.o
                                      0x3b3c3 (size before relaxing)
 .debug_str     0x0000000000058d94       0x12 usb/usb_desc.o
                                      0x3a224 (size before relaxing)
 .debug_str     0x0000000000058da6       0x33 usb/usb_endp.o
                                      0x3a44d (size before relaxing)
 .debug_str     0x0000000000058dd9       0x3a usb/usb_istr.o
                                      0x3a3b1 (size before relaxing)
 .debug_str     0x0000000000058e13      0x180 usb/usb_prop.o
                                      0x3abff (size before relaxing)
 .debug_str     0x0000000000058f93      0x10d usb/usb_pwr.o
                                      0x3a72e (size before relaxing)

.comment        0x0000000000000000       0x53
 .comment       0x0000000000000000       0x53 drv/led.o
                                         0x54 (size before relaxing)
 .comment       0x0000000000000053       0x54 drv/timebase.o
 .comment       0x0000000000000053       0x54 fsusb/src/usb_core.o
 .comment       0x0000000000000053       0x54 fsusb/src/usb_init.o
 .comment       0x0000000000000053       0x54 fsusb/src/usb_int.o
 .comment       0x0000000000000053       0x54 fsusb/src/usb_mem.o
 .comment       0x0000000000000053       0x54 fsusb/src/usb_regs.o
 .comment       0x0000000000000053       0x54 fsusb/src/usb_sil.o
 .comment       0x0000000000000053       0x54 src/blaster.o
 .comment       0x0000000000000053       0x54 src/blaster_port.o
 .comment       0x0000000000000053       0x54 src/ft245rom.o
 .comment       0x0000000000000053       0x54 src/main.o
 .comment       0x0000000000000053       0x54 src/memop.o
 .comment       0x0000000000000053       0x54 src/ringbuf.o
 .comment       0x0000000000000053       0x54 stdperiph/src/misc.o
 .comment       0x0000000000000053       0x54 stdperiph/src/stm32f10x_exti.o
 .comment       0x0000000000000053       0x54 stdperiph/src/stm32f10x_gpio.o
 .comment       0x0000000000000053       0x54 stdperiph/src/stm32f10x_rcc.o
 .comment       0x0000000000000053       0x54 sys/stm32_it.o
 .comment       0x0000000000000053       0x54 sys/system_stm32f10x.o
 .comment       0x0000000000000053       0x54 usb/hw_config.o
 .comment       0x0000000000000053       0x54 usb/usb_desc.o
 .comment       0x0000000000000053       0x54 usb/usb_endp.o
 .comment       0x0000000000000053       0x54 usb/usb_istr.o
 .comment       0x0000000000000053       0x54 usb/usb_prop.o
 .comment       0x0000000000000053       0x54 usb/usb_pwr.o

.debug_frame    0x0000000000000000     0x2304
 .debug_frame   0x0000000000000000       0xc0 drv/led.o
 .debug_frame   0x00000000000000c0      0x148 drv/timebase.o
 .debug_frame   0x0000000000000208      0x2b8 fsusb/src/usb_core.o
 .debug_frame   0x00000000000004c0       0x2c fsusb/src/usb_init.o
 .debug_frame   0x00000000000004ec       0x5c fsusb/src/usb_int.o
 .debug_frame   0x0000000000000548       0x60 fsusb/src/usb_mem.o
 .debug_frame   0x00000000000005a8      0x91c fsusb/src/usb_regs.o
 .debug_frame   0x0000000000000ec4       0x78 fsusb/src/usb_sil.o
 .debug_frame   0x0000000000000f3c       0xb4 src/blaster.o
 .debug_frame   0x0000000000000ff0       0xd4 src/blaster_port.o
 .debug_frame   0x00000000000010c4       0x88 src/ft245rom.o
 .debug_frame   0x000000000000114c       0x2c src/main.o
 .debug_frame   0x0000000000001178       0x60 src/memop.o
 .debug_frame   0x00000000000011d8       0xf0 src/ringbuf.o
 .debug_frame   0x00000000000012c8       0xd8 stdperiph/src/misc.o
 .debug_frame   0x00000000000013a0      0x148 stdperiph/src/stm32f10x_exti.o
 .debug_frame   0x00000000000014e8      0x2d0 stdperiph/src/stm32f10x_gpio.o
 .debug_frame   0x00000000000017b8      0x4f4 stdperiph/src/stm32f10x_rcc.o
 .debug_frame   0x0000000000001cac      0x144 sys/stm32_it.o
 .debug_frame   0x0000000000001df0       0x98 sys/system_stm32f10x.o
 .debug_frame   0x0000000000001e88      0x168 usb/hw_config.o
 .debug_frame   0x0000000000001ff0       0x50 usb/usb_endp.o
 .debug_frame   0x0000000000002040       0x34 usb/usb_istr.o
 .debug_frame   0x0000000000002074      0x1d0 usb/usb_prop.o
 .debug_frame   0x0000000000002244       0xc0 usb/usb_pwr.o
