stm32f10x_gpio.c:115:6:GPIO_DeInit	16	static
stm32f10x_gpio.c:166:6:GPIO_AFIODeInit	8	static
stm32f10x_gpio.c:180:6:GPIO_Init	40	static
stm32f10x_gpio.c:273:6:GPIO_StructInit	16	static
stm32f10x_gpio.c:288:9:GPIO_ReadInputDataBit	24	static
stm32f10x_gpio.c:312:10:GPIO_ReadInputData	16	static
stm32f10x_gpio.c:327:9:GPIO_ReadOutputDataBit	24	static
stm32f10x_gpio.c:350:10:GPIO_ReadOutputData	16	static
stm32f10x_gpio.c:365:6:GPIO_SetBits	16	static
stm32f10x_gpio.c:381:6:GPIO_ResetBits	16	static
stm32f10x_gpio.c:401:6:GPIO_WriteBit	16	static
stm32f10x_gpio.c:424:6:GPIO_Write	16	static
stm32f10x_gpio.c:439:6:GPIO_PinLockConfig	24	static
stm32f10x_gpio.c:469:6:GPIO_EventOutputConfig	24	static
stm32f10x_gpio.c:490:6:GPIO_EventOutputCmd	16	static
stm32f10x_gpio.c:556:6:GPIO_PinRemapConfig	32	static
stm32f10x_gpio.c:616:6:GPIO_EXTILineConfig	24	static
stm32f10x_gpio.c:637:6:GPIO_ETH_MediaInterfaceConfig	16	static
