stm32f10x_adc.c:184:6:ADC_DeInit	16	static
stm32f10x_adc.c:223:6:ADC_Init	24	static
stm32f10x_adc.c:280:6:ADC_StructInit	16	static
stm32f10x_adc.c:304:6:ADC_Cmd	16	static
stm32f10x_adc.c:329:6:ADC_DMACmd	16	static
stm32f10x_adc.c:358:6:ADC_ITConfig	24	static
stm32f10x_adc.c:384:6:ADC_ResetCalibration	16	static
stm32f10x_adc.c:397:12:ADC_GetResetCalibrationStatus	24	static
stm32f10x_adc.c:422:6:ADC_StartCalibration	16	static
stm32f10x_adc.c:435:12:ADC_GetCalibrationStatus	24	static
stm32f10x_adc.c:462:6:ADC_SoftwareStartConvCmd	16	static
stm32f10x_adc.c:486:12:ADC_GetSoftwareStartConvStatus	24	static
stm32f10x_adc.c:514:6:ADC_DiscModeChannelCountConfig	24	static
stm32f10x_adc.c:541:6:ADC_DiscModeCmd	16	static
stm32f10x_adc.c:595:6:ADC_RegularChannelConfig	24	static
stm32f10x_adc.c:691:6:ADC_ExternalTrigConvCmd	16	static
stm32f10x_adc.c:713:10:ADC_GetConversionValue	16	static
stm32f10x_adc.c:725:10:ADC_GetDualModeConversionValue	4	static
stm32f10x_adc.c:739:6:ADC_AutoInjectedConvCmd	16	static
stm32f10x_adc.c:765:6:ADC_InjectedDiscModeCmd	16	static
stm32f10x_adc.c:804:6:ADC_ExternalTrigInjectedConvConfig	24	static
stm32f10x_adc.c:829:6:ADC_ExternalTrigInjectedConvCmd	16	static
stm32f10x_adc.c:854:6:ADC_SoftwareStartInjectedConvCmd	16	static
stm32f10x_adc.c:878:12:ADC_GetSoftwareStartInjectedConvCmdStatus	24	static
stm32f10x_adc.c:935:6:ADC_InjectedChannelConfig	32	static
stm32f10x_adc.c:998:6:ADC_InjectedSequencerLengthConfig	24	static
stm32f10x_adc.c:1030:6:ADC_SetInjectedOffset	24	static
stm32f10x_adc.c:1057:10:ADC_GetInjectedConversionValue	24	static
stm32f10x_adc.c:1087:6:ADC_AnalogWatchdogCmd	24	static
stm32f10x_adc.c:1112:6:ADC_AnalogWatchdogThresholdsConfig	16	static
stm32f10x_adc.c:1150:6:ADC_AnalogWatchdogSingleChannelConfig	24	static
stm32f10x_adc.c:1172:6:ADC_TempSensorVrefintCmd	16	static
stm32f10x_adc.c:1200:12:ADC_GetFlagStatus	24	static
stm32f10x_adc.c:1233:6:ADC_ClearFlag	16	static
stm32f10x_adc.c:1252:10:ADC_GetITStatus	32	static
stm32f10x_adc.c:1288:6:ADC_ClearITPendingBit	24	static
