usb_core.c:69:10:Standard_GetConfiguration	16	static
usb_core.c:90:8:Standard_SetConfiguration	8	static
usb_core.c:115:10:Standard_GetInterface	16	static
usb_core.c:136:8:Standard_SetInterface	16	static
usb_core.c:171:10:Standard_GetStatus	24	static
usb_core.c:253:8:Standard_ClearFeature	40	static
usb_core.c:342:8:Standard_SetEndPointFeature	32	static
usb_core.c:396:8:Standard_SetDeviceFeature	8	static
usb_core.c:422:10:Standard_GetDescriptorData	24	static
usb_core.c:443:6:DataStageOut	24	static
usb_core.c:500:6:DataStageIn	32	static
usb_core.c:560:6:NoData_Setup0	24	static
usb_core.c:683:6:Data_Setup0	48	static
usb_core.c:862:9:Setup0_Process	24	static
usb_core.c:907:9:In0_Process	16	static
usb_core.c:947:9:Out0_Process	16	static
usb_core.c:988:9:Post0_Process	8	static
usb_core.c:1009:6:SetDeviceAddress	24	static
usb_core.c:1029:6:NOP_Process	4	static
